stage=support_development attempt=3 physical_gpu=1 decode_workers=8 cached_start=90 started_at=2026-07-26T11:19:48Z
[1/755] cached c00_clip001_video024
[2/755] cached c00_clip002_video203
[3/755] cached c00_clip004_video068
[4/755] cached c00_clip005_video171
[5/755] cached c00_clip006_video030
[6/755] cached c00_clip010_video105
[7/755] cached c00_clip011_video045
[8/755] cached c00_clip012_video038
[9/755] cached c00_clip013_video069
[10/755] cached c00_clip015_video082
[11/755] cached c00_clip016_video025
[12/755] cached c00_clip017_video085
[13/755] cached c01_clip000_video231
[14/755] cached c01_clip002_video232
[15/755] cached c01_clip003_video164
[16/755] cached c01_clip006_video129
[17/755] cached c01_clip008_video213
[18/755] cached c01_clip009_video179
[19/755] cached c01_clip010_video165
[20/755] cached c01_clip014_video028
[21/755] cached c01_clip016_video219
[22/755] cached c01_clip017_video218
[23/755] cached c01_clip018_video177
[24/755] cached c01_clip019_video013
[25/755] cached c01_clip021_video228
[26/755] cached c01_clip022_video207
[27/755] cached c01_clip023_video198
[28/755] cached c01_clip024_video010
[29/755] cached c02_clip001_video016
[30/755] cached c02_clip002_video006
[31/755] cached c02_clip003_video143
[32/755] cached c02_clip004_video163
[33/755] cached c02_clip007_video034
[34/755] cached c02_clip008_video159
[35/755] cached c02_clip010_video153
[36/755] cached c02_clip011_video042
[37/755] cached c02_clip017_video139
[38/755] cached c02_clip020_video110
[39/755] cached c02_clip022_video152
[40/755] cached c02_clip023_video155
[41/755] cached c02_clip024_video128
[42/755] cached c02_clip025_video157
[43/755] cached c03_clip000_video095
[44/755] cached c03_clip002_video113
[45/755] cached c03_clip003_video112
[46/755] cached c03_clip004_video119
[47/755] cached c03_clip006_video104
[48/755] cached c03_clip007_video101
[49/755] cached c03_clip010_video092
[50/755] cached c03_clip013_video083
[51/755] cached c03_clip015_video008
[52/755] cached c03_clip018_video099
[53/755] cached c03_clip019_video004
[54/755] cached c03_clip020_video106
[55/755] cached c03_clip021_video116
[56/755] cached c03_clip023_video009
[57/755] cached c03_clip026_video098
[58/755] cached c03_clip027_video020
[59/755] cached c04_clip001_video010
[60/755] cached c04_clip003_video033
[61/755] cached c04_clip004_video001
[62/755] cached c04_clip005_video031
[63/755] cached c04_clip006_video026
[64/755] cached c04_clip007_video015
[65/755] cached c04_clip009_video013
[66/755] cached c04_clip010_video016
[67/755] cached c04_clip011_video003
[68/755] cached c05_clip000_video142
[69/755] cached c05_clip001_video143
[70/755] cached c05_clip005_video207
[71/755] cached c05_clip012_video140
[72/755] cached c05_clip017_video135
[73/755] cached c05_clip018_video174
[74/755] cached c05_clip019_video175
[75/755] cached c05_clip021_video195
[76/755] cached c05_clip022_video069
[77/755] cached c05_clip023_video154
[78/755] cached c05_clip024_video155
[79/755] cached c05_clip025_video164
[80/755] cached c05_clip026_video165
[81/755] cached c05_clip029_video068
[82/755] cached c05_clip032_video056
[83/755] cached c05_clip033_video172
[84/755] cached c05_clip034_video173
[85/755] cached c05_clip038_video202
[86/755] cached c05_clip040_video087
[87/755] cached c06_clip000_video182
[88/755] cached c06_clip001_video217
[89/755] cached c06_clip002_video216
[90/755] cached c06_clip003_video207
[91/755] cached c06_clip004_video176
[92/755] cached c06_clip005_video184
[93/755] cached c06_clip007_video045
[94/755] cached c06_clip009_video200
[95/755] cached c06_clip011_video194
[96/755] cached c06_clip012_video082
[97/755] cached c06_clip014_video158
[98/755] cached c06_clip015_video017
[99/755] cached c06_clip016_video179
[100/755] cached c06_clip017_video150
[101/755] cached c06_clip018_video223
[102/755] cached c06_clip025_video183
[103/755] cached c06_clip026_video043
[104/755] cached c07_clip000_video029
[105/755] cached c07_clip003_video176
[106/755] cached c07_clip004_video165
[107/755] cached c07_clip005_video174
[108/755] cached c07_clip006_video094
[109/755] cached c07_clip007_video097
[110/755] cached c07_clip008_video059
[111/755] cached c07_clip009_video171
[112/755] cached c07_clip012_video077
[113/755] cached c07_clip013_video067
[114/755] cached c07_clip014_video090
[115/755] cached c07_clip015_video073
[116/755] cached c07_clip017_video095
[117/755] cached c07_clip019_video096
[118/755] cached c07_clip020_video087
[119/755] cached c07_clip022_video170
[120/755] cached c07_clip023_video065
[121/755] cached c07_clip024_video083
[122/755] cached c08_clip000_video159
[123/755] cached c08_clip002_video182
[124/755] cached c08_clip005_video145
[125/755] cached c08_clip009_video110
[126/755] cached c08_clip010_video152
[127/755] cached c08_clip011_video161
[128/755] cached c08_clip014_video171
[129/755] cached c08_clip016_video125
[130/755] cached c08_clip018_video100
[131/755] cached c08_clip020_video077
[132/755] cached c08_clip021_video041
[133/755] cached c08_clip023_video036
[134/755] cached c08_clip024_video178
[135/755] cached c08_clip026_video188
[136/755] cached c08_clip027_video150
[137/755] cached c08_clip029_video101
[138/755] cached c08_clip031_video034
[139/755] cached c08_clip033_video033
[140/755] cached c09_clip000_video045
[141/755] cached c09_clip003_video049
[142/755] cached c09_clip005_video047
[143/755] cached c09_clip006_video011
[144/755] cached c09_clip007_video046
[145/755] cached c09_clip009_video005
[146/755] cached c09_clip010_video007
[147/755] cached c09_clip012_video004
[148/755] cached c09_clip013_video057
[149/755] cached c10_clip001_video005
[150/755] cached c10_clip002_video021
[151/755] cached c10_clip003_video034
[152/755] cached c10_clip004_video020
[153/755] cached c10_clip005_video033
[154/755] cached c10_clip007_video007
[155/755] cached c10_clip008_video019
[156/755] cached c10_clip009_video042
[157/755] cached c10_clip013_video026
[158/755] cached c10_clip014_video031
[159/755] cached c10_clip017_video022
[160/755] cached c11_clip000_video112
[161/755] cached c11_clip001_video117
[162/755] cached c11_clip002_video038
[163/755] cached c11_clip003_video065
[164/755] cached c11_clip004_video085
[165/755] cached c11_clip008_video053
[166/755] cached c11_clip009_video100
[167/755] cached c11_clip010_video039
[168/755] cached c11_clip011_video014
[169/755] cached c11_clip012_video114
[170/755] cached c12_clip000_video101
[171/755] cached c12_clip003_video031
[172/755] cached c12_clip004_video103
[173/755] cached c12_clip006_video025
[174/755] cached c12_clip009_video104
[175/755] embedded c12_clip010_video089
[176/755] embedded c12_clip011_video039
[177/755] embedded c12_clip013_video085
[178/755] embedded c12_clip016_video093
[179/755] embedded c12_clip019_video087
[180/755] embedded c12_clip020_video113
[181/755] embedded c12_clip023_video022
[182/755] embedded c12_clip024_video105
[183/755] embedded c12_clip026_video109
[184/755] embedded c12_clip028_video110
[185/755] embedded c13_clip000_video112
[186/755] embedded c13_clip001_video111
[187/755] embedded c13_clip003_video021
[188/755] embedded c13_clip004_video049
[189/755] embedded c13_clip005_video035
[190/755] embedded c13_clip007_video098
[191/755] embedded c13_clip010_video019
[192/755] embedded c13_clip012_video001
[193/755] embedded c13_clip013_video099
[194/755] embedded c13_clip015_video050
[195/755] embedded c13_clip017_video002
[196/755] embedded c13_clip019_video096
[197/755] embedded c13_clip020_video108
[198/755] embedded c13_clip022_video127
[199/755] embedded c14_clip001_video031
[200/755] embedded c14_clip004_video005
[201/755] embedded c14_clip005_video037
[202/755] embedded c14_clip007_video008
[203/755] embedded c14_clip010_video038
[204/755] embedded c14_clip011_video013
[205/755] embedded c14_clip012_video043
[206/755] embedded c14_clip013_video045
[207/755] embedded c14_clip015_video004
[208/755] embedded c14_clip018_video062
[209/755] embedded c15_clip002_video077
[210/755] embedded c15_clip003_video065
[211/755] embedded c15_clip004_video071
[212/755] embedded c15_clip005_video069
[213/755] embedded c15_clip006_video094
[214/755] embedded c15_clip008_video043
[215/755] embedded c15_clip010_video099
[216/755] embedded c15_clip011_video102
[217/755] embedded c16_clip002_video023
[218/755] embedded c16_clip004_video018
[219/755] embedded c16_clip006_video007
[220/755] embedded c16_clip007_video001
[221/755] embedded c16_clip009_video025
[222/755] embedded c16_clip010_video009
[223/755] embedded c16_clip011_video019
[224/755] embedded c16_clip012_video002
[225/755] embedded c17_clip000_video114
[226/755] embedded c17_clip001_video091
[227/755] embedded c17_clip002_video004
[228/755] embedded c17_clip004_video006
[229/755] embedded c17_clip005_video056
[230/755] embedded c17_clip006_video112
[231/755] embedded c17_clip007_video117
[232/755] embedded c17_clip009_video065
[233/755] embedded c17_clip013_video034
[234/755] embedded c17_clip014_video005
[235/755] embedded c17_clip017_video061
[236/755] embedded c17_clip019_video029
[237/755] embedded c17_clip021_video089
[238/755] embedded c17_clip022_video110
[239/755] embedded c17_clip023_video092
[240/755] embedded c17_clip024_video109
[241/755] embedded c17_clip027_video096
[242/755] embedded c18_clip001_video032
[243/755] embedded c18_clip002_video033
[244/755] embedded c18_clip004_video050
[245/755] embedded c18_clip007_video031
[246/755] embedded c18_clip009_video046
[247/755] embedded c18_clip010_video038
[248/755] embedded c18_clip012_video001
[249/755] embedded c18_clip013_video006
[250/755] embedded c18_clip014_video066
[251/755] embedded c18_clip018_video008
[252/755] embedded c19_clip001_video025
[253/755] embedded c19_clip002_video023
[254/755] embedded c19_clip005_video009
[255/755] embedded c19_clip006_video094
[256/755] embedded c19_clip007_video026
[257/755] embedded c19_clip008_video029
[258/755] embedded c19_clip010_video005
[259/755] embedded c19_clip011_video125
[260/755] embedded c19_clip013_video095
[261/755] embedded c19_clip014_video128
[262/755] embedded c19_clip017_video006
[263/755] embedded c19_clip018_video022
[264/755] embedded c19_clip019_video027
[265/755] embedded c19_clip020_video011
[266/755] embedded c19_clip025_video079
[267/755] embedded c19_clip026_video070
[268/755] embedded c19_clip027_video068
[269/755] embedded c19_clip028_video018
[270/755] embedded c19_clip031_video080
[271/755] embedded c19_clip032_video081
[272/755] embedded c19_clip033_video069
[273/755] embedded c20_clip001_video021
[274/755] embedded c20_clip002_video011
[275/755] embedded c20_clip003_video028
[276/755] embedded c20_clip004_video001
[277/755] embedded c20_clip006_video023
[278/755] embedded c20_clip007_video015
[279/755] embedded c20_clip009_video008
[280/755] embedded c20_clip010_video014
[281/755] embedded c20_clip012_video022
[282/755] embedded c20_clip014_video006
[283/755] embedded c21_clip000_video074
[284/755] embedded c21_clip003_video137
[285/755] embedded c21_clip007_video061
[286/755] embedded c21_clip008_video044
[287/755] embedded c21_clip009_video069
[288/755] embedded c21_clip013_video134
[289/755] embedded c21_clip015_video039
[290/755] embedded c21_clip016_video033
[291/755] embedded c21_clip017_video010
[292/755] embedded c21_clip020_video073
[293/755] embedded c21_clip021_video118
[294/755] embedded c21_clip022_video119
[295/755] embedded c21_clip023_video042
[296/755] embedded c21_clip024_video080
[297/755] embedded c21_clip027_video067
[298/755] embedded c21_clip031_video108
[299/755] embedded c21_clip032_video109
[300/755] embedded c21_clip034_video110
[301/755] embedded c21_clip038_video001
[302/755] embedded c22_clip002_video019
[303/755] embedded c22_clip007_video005
[304/755] embedded c22_clip008_video009
[305/755] embedded c22_clip010_video001
[306/755] embedded c22_clip012_video013
[307/755] embedded c22_clip015_video017
[308/755] embedded c22_clip016_video006
[309/755] embedded c23_clip000_video004
[310/755] embedded c23_clip001_video005
[311/755] embedded c23_clip004_video001
[312/755] embedded c23_clip006_video011
[313/755] embedded c23_clip016_video034
[314/755] embedded c23_clip018_video015
[315/755] embedded c23_clip019_video032
[316/755] embedded c23_clip020_video014
[317/755] embedded c23_clip021_video017
[318/755] embedded c23_clip023_video020
[319/755] embedded c23_clip024_video016
[320/755] embedded c23_clip025_video009
[321/755] embedded c23_clip026_video013
[322/755] embedded c23_clip028_video040
[323/755] embedded c23_clip031_video008
[324/755] embedded c23_clip033_video042
[325/755] embedded c23_clip034_video044
[326/755] embedded c23_clip035_video043
[327/755] embedded c23_clip036_video019
[328/755] embedded c23_clip040_video037
[329/755] embedded c23_clip041_video006
[330/755] embedded c23_clip042_video041
[331/755] embedded c23_clip043_video036
[332/755] embedded c23_clip045_video055
[333/755] embedded c24_clip002_video038
[334/755] embedded c24_clip005_video044
[335/755] embedded c24_clip006_video043
[336/755] embedded c24_clip008_video040
[337/755] embedded c24_clip009_video041
[338/755] embedded c24_clip011_video039
[339/755] embedded c24_clip012_video024
[340/755] embedded c24_clip013_video049
[341/755] embedded c24_clip014_video054
[342/755] embedded c24_clip015_video034
[343/755] embedded c24_clip016_video053
[344/755] embedded c24_clip018_video051
[345/755] embedded c24_clip019_video027
[346/755] embedded c24_clip021_video029
[347/755] embedded c24_clip022_video048
[348/755] embedded c24_clip024_video002
[349/755] embedded c24_clip025_video015
[350/755] embedded c25_clip001_video088
[351/755] embedded c25_clip002_video071
[352/755] embedded c25_clip003_video072
[353/755] embedded c25_clip005_video044
[354/755] embedded c25_clip006_video085
[355/755] embedded c25_clip008_video023
[356/755] embedded c25_clip009_video024
[357/755] embedded c25_clip010_video091
[358/755] embedded c25_clip012_video012
[359/755] embedded c25_clip013_video014
[360/755] embedded c25_clip014_video113
[361/755] embedded c25_clip015_video114
[362/755] embedded c25_clip016_video041
[363/755] embedded c25_clip017_video042
[364/755] embedded c25_clip018_video111
[365/755] embedded c25_clip020_video020
[366/755] embedded c25_clip024_video090
[367/755] embedded c26_clip004_video068
[368/755] embedded c26_clip005_video007
[369/755] embedded c26_clip006_video045
[370/755] embedded c26_clip008_video100
[371/755] embedded c26_clip009_video097
[372/755] embedded c26_clip010_video098
[373/755] embedded c26_clip011_video014
[374/755] embedded c26_clip013_video015
[375/755] embedded c26_clip014_video051
[376/755] embedded c26_clip015_video049
[377/755] embedded c26_clip018_video046
[378/755] embedded c26_clip019_video016
[379/755] embedded c26_clip020_video004
[380/755] embedded c26_clip022_video055
[381/755] embedded c26_clip023_video017
[382/755] embedded c26_clip025_video020
[383/755] embedded c26_clip027_video047
[384/755] embedded c26_clip028_video025
[385/755] embedded c27_clip001_video010
[386/755] embedded c27_clip002_video013
[387/755] embedded c27_clip003_video020
[388/755] embedded c27_clip005_video007
[389/755] embedded c27_clip010_video011
[390/755] embedded c27_clip011_video008
[391/755] embedded c27_clip012_video002
[392/755] embedded c28_clip000_video102
[393/755] embedded c28_clip001_video094
[394/755] embedded c28_clip002_video093
[395/755] embedded c28_clip006_video154
[396/755] embedded c28_clip007_video099
[397/755] embedded c28_clip008_video070
[398/755] embedded c28_clip011_video008
[399/755] embedded c28_clip013_video028
[400/755] embedded c28_clip015_video098
[401/755] embedded c28_clip017_video057
[402/755] embedded c28_clip020_video155
[403/755] embedded c28_clip022_video109
[404/755] embedded c28_clip023_video071
[405/755] embedded c28_clip025_video122
[406/755] embedded c28_clip028_video073
[407/755] embedded c28_clip029_video092
[408/755] embedded c28_clip030_video107
[409/755] embedded c28_clip031_video148
[410/755] embedded c28_clip032_video108
[411/755] embedded c29_clip000_video012
[412/755] embedded c29_clip001_video009
[413/755] embedded c29_clip002_video015
[414/755] embedded c29_clip003_video016
[415/755] embedded c29_clip005_video005
[416/755] embedded c29_clip007_video020
[417/755] embedded c29_clip008_video018
[418/755] embedded c30_clip001_video015
[419/755] embedded c30_clip004_video037
[420/755] embedded c30_clip005_video020
[421/755] embedded c30_clip007_video030
[422/755] embedded c30_clip009_video022
[423/755] embedded c30_clip010_video016
[424/755] embedded c30_clip011_video021
[425/755] embedded c30_clip013_video033
[426/755] embedded c30_clip018_video034
[427/755] embedded c30_clip019_video010
[428/755] embedded c30_clip020_video026
[429/755] embedded c30_clip022_video036
[430/755] embedded c30_clip024_video032
[431/755] embedded c30_clip026_video018
[432/755] embedded c30_clip027_video035
[433/755] embedded c30_clip029_video001
[434/755] embedded c30_clip031_video013
[435/755] embedded c30_clip032_video009
[436/755] embedded c30_clip033_video029
[437/755] embedded c30_clip034_video011
[438/755] embedded c30_clip035_video008
[439/755] embedded c31_clip000_video021
[440/755] embedded c31_clip002_video031
[441/755] embedded c31_clip004_video029
[442/755] embedded c31_clip005_video028
[443/755] embedded c31_clip006_video023
[444/755] embedded c31_clip007_video010
[445/755] embedded c31_clip009_video001
[446/755] embedded c31_clip011_video038
[447/755] embedded c31_clip014_video039
[448/755] embedded c31_clip015_video016
[449/755] embedded c31_clip016_video007
[450/755] embedded c31_clip018_video018
[451/755] embedded c32_clip003_video013
[452/755] embedded c32_clip004_video007
[453/755] embedded c32_clip006_video016
[454/755] embedded c32_clip008_video017
[455/755] embedded c32_clip009_video011
[456/755] embedded c32_clip010_video009
[457/755] embedded c32_clip012_video006
[458/755] embedded c33_clip000_video120
[459/755] embedded c33_clip002_video142
[460/755] embedded c33_clip003_video103
[461/755] embedded c33_clip005_video143
[462/755] embedded c33_clip006_video039
[463/755] embedded c33_clip010_video136
[464/755] embedded c33_clip011_video069
[465/755] embedded c33_clip012_video038
[466/755] embedded c33_clip013_video022
[467/755] embedded c33_clip015_video033
[468/755] embedded c33_clip017_video083
[469/755] embedded c33_clip018_video035
[470/755] embedded c34_clip000_video048
[471/755] embedded c34_clip001_video057
[472/755] embedded c34_clip002_video059
[473/755] embedded c34_clip003_video054
[474/755] embedded c34_clip004_video058
[475/755] embedded c34_clip006_video056
[476/755] embedded c34_clip008_video049
[477/755] embedded c34_clip009_video062
[478/755] embedded c34_clip010_video073
[479/755] embedded c34_clip011_video071
[480/755] embedded c34_clip013_video069
[481/755] embedded c34_clip016_video032
[482/755] embedded c34_clip017_video037
[483/755] embedded c34_clip020_video065
[484/755] embedded c34_clip021_video035
[485/755] embedded c34_clip023_video068
[486/755] embedded c35_clip000_video011
[487/755] embedded c35_clip001_video028
[488/755] embedded c35_clip002_video029
[489/755] embedded c35_clip004_video058
[490/755] embedded c35_clip005_video059
[491/755] embedded c35_clip006_video034
[492/755] embedded c35_clip007_video035
[493/755] embedded c35_clip008_video030
[494/755] embedded c35_clip009_video031
[495/755] embedded c35_clip011_video015
[496/755] embedded c35_clip012_video016
[497/755] embedded c35_clip014_video018
[498/755] embedded c35_clip016_video039
[499/755] embedded c35_clip017_video021
[500/755] embedded c35_clip020_video033
[501/755] embedded c35_clip023_video067
[502/755] embedded c35_clip024_video036
[503/755] embedded c35_clip025_video037
[504/755] embedded c35_clip026_video002
[505/755] embedded c35_clip027_video045
[506/755] embedded c35_clip029_video044
[507/755] embedded c36_clip000_video003
[508/755] embedded c36_clip004_video051
[509/755] embedded c36_clip006_video050
[510/755] embedded c36_clip007_video013
[511/755] embedded c36_clip008_video063
[512/755] embedded c36_clip010_video061
[513/755] embedded c36_clip011_video021
[514/755] embedded c36_clip012_video053
[515/755] embedded c36_clip015_video016
[516/755] embedded c36_clip017_video025
[517/755] embedded c36_clip018_video036
[518/755] embedded c36_clip019_video026
[519/755] embedded c36_clip020_video037
[520/755] embedded c36_clip021_video038
[521/755] embedded c36_clip025_video034
[522/755] embedded c36_clip026_video024
[523/755] embedded c36_clip027_video062
[524/755] embedded c36_clip029_video018
[525/755] embedded c36_clip030_video056
[526/755] embedded c37_clip000_video020
[527/755] embedded c37_clip002_video019
[528/755] embedded c37_clip004_video016
[529/755] embedded c37_clip005_video011
[530/755] embedded c37_clip006_video021
[531/755] embedded c37_clip007_video014
[532/755] embedded c37_clip010_video008
[533/755] embedded c37_clip012_video010
[534/755] embedded c37_clip013_video007
[535/755] embedded c37_clip015_video005
[536/755] embedded c38_clip002_video052
[537/755] embedded c38_clip003_video029
[538/755] embedded c38_clip004_video026
[539/755] embedded c38_clip005_video019
[540/755] embedded c38_clip007_video045
[541/755] embedded c38_clip008_video023
[542/755] embedded c38_clip010_video008
[543/755] embedded c38_clip011_video051
[544/755] embedded c38_clip012_video040
[545/755] embedded c38_clip013_video018
[546/755] embedded c38_clip017_video038
[547/755] embedded c38_clip018_video036
[548/755] embedded c38_clip019_video050
[549/755] embedded c38_clip021_video030
[550/755] embedded c38_clip023_video049
[551/755] embedded c38_clip024_video014
[552/755] embedded c38_clip028_video033
[553/755] embedded c38_clip029_video002
[554/755] embedded c38_clip031_video001
[555/755] embedded c38_clip032_video015
[556/755] embedded c38_clip034_video034
[557/755] embedded c39_clip004_video021
[558/755] embedded c39_clip006_video025
[559/755] embedded c39_clip008_video017
[560/755] embedded c39_clip010_video029
[561/755] embedded c39_clip012_video003
[562/755] embedded c39_clip018_video011
[563/755] embedded c39_clip020_video015
[564/755] embedded c39_clip024_video013
[565/755] embedded c39_clip026_video005
[566/755] embedded c39_clip030_video007
[567/755] embedded c40_clip000_video012
[568/755] embedded c40_clip001_video031
[569/755] embedded c40_clip004_video014
[570/755] embedded c40_clip005_video003
[571/755] embedded c40_clip006_video005
[572/755] embedded c40_clip007_video021
[573/755] embedded c40_clip008_video022
[574/755] embedded c40_clip012_video026
[575/755] embedded c40_clip014_video018
[576/755] embedded c40_clip015_video020
[577/755] embedded c40_clip017_video011
[578/755] embedded c40_clip018_video036
[579/755] embedded c40_clip020_video038
[580/755] embedded c40_clip021_video019
[581/755] embedded c40_clip022_video006
[582/755] embedded c40_clip023_video039
[583/755] embedded c40_clip024_video034
[584/755] embedded c40_clip025_video025
[585/755] embedded c40_clip027_video008
[586/755] embedded c40_clip031_video001
[587/755] embedded c40_clip033_video037
[588/755] embedded c41_clip001_video033
[589/755] embedded c41_clip003_video027
[590/755] embedded c41_clip004_video017
[591/755] embedded c41_clip005_video024
[592/755] embedded c41_clip007_video004
[593/755] embedded c41_clip008_video020
[594/755] embedded c41_clip010_video001
[595/755] embedded c41_clip011_video010
[596/755] embedded c41_clip012_video041
[597/755] embedded c41_clip013_video009
[598/755] embedded c41_clip014_video025
[599/755] embedded c41_clip015_video034
[600/755] embedded c41_clip018_video031
[601/755] embedded c41_clip019_video026
[602/755] embedded c41_clip020_video008
[603/755] embedded c41_clip022_video046
[604/755] embedded c41_clip023_video011
[605/755] embedded c41_clip024_video005
[606/755] embedded c41_clip025_video015
[607/755] embedded c41_clip026_video035
[608/755] embedded c41_clip028_video029
[609/755] embedded c41_clip029_video002
[610/755] embedded c41_clip030_video036
[611/755] embedded c41_clip033_video022
[612/755] embedded c41_clip037_video012
[613/755] embedded c42_clip000_video144
[614/755] embedded c42_clip001_video158
[615/755] embedded c42_clip004_video131
[616/755] embedded c42_clip005_video129
[617/755] embedded c42_clip006_video128
[618/755] embedded c42_clip009_video035
[619/755] embedded c42_clip010_video013
[620/755] embedded c42_clip011_video137
[621/755] embedded c42_clip012_video105
[622/755] embedded c42_clip013_video063
[623/755] embedded c42_clip017_video028
[624/755] embedded c42_clip022_video006
[625/755] embedded c42_clip023_video147
[626/755] embedded c42_clip025_video119
[627/755] embedded c42_clip027_video091
[628/755] embedded c42_clip028_video088
[629/755] embedded c42_clip029_video139
[630/755] embedded c43_clip000_video020
[631/755] embedded c43_clip002_video018
[632/755] embedded c43_clip004_video005
[633/755] embedded c43_clip005_video008
[634/755] embedded c43_clip009_video022
[635/755] embedded c43_clip010_video029
[636/755] embedded c43_clip012_video009
[637/755] embedded c43_clip013_video013
[638/755] embedded c43_clip014_video001
[639/755] embedded c43_clip015_video014
[640/755] embedded c43_clip018_video011
[641/755] embedded c43_clip019_video025
[642/755] embedded c43_clip020_video007
[643/755] embedded c43_clip021_video023
[644/755] embedded c43_clip022_video026
[645/755] embedded c43_clip024_video003
[646/755] embedded c43_clip027_video028
[647/755] embedded c43_clip028_video012
[648/755] embedded c44_clip001_video028
[649/755] embedded c44_clip003_video016
[650/755] embedded c44_clip006_video025
[651/755] embedded c44_clip007_video019
[652/755] embedded c44_clip008_video014
[653/755] embedded c44_clip009_video021
[654/755] embedded c44_clip010_video027
[655/755] embedded c44_clip014_video022
[656/755] embedded c44_clip015_video005
[657/755] embedded c44_clip016_video011
[658/755] embedded c44_clip017_video024
[659/755] embedded c44_clip018_video010
[660/755] embedded c44_clip019_video026
[661/755] embedded c44_clip022_video001
[662/755] embedded c44_clip023_video008
[663/755] embedded c44_clip024_video004
[664/755] embedded c44_clip025_video017
[665/755] embedded c44_clip026_video002
[666/755] embedded c45_clip002_video024
[667/755] embedded c45_clip004_video022
[668/755] embedded c45_clip005_video028
[669/755] embedded c45_clip007_video012
[670/755] embedded c45_clip008_video010
[671/755] embedded c45_clip010_video023
[672/755] embedded c45_clip011_video011
[673/755] embedded c45_clip016_video005
[674/755] embedded c45_clip017_video025
[675/755] embedded c45_clip018_video014
[676/755] embedded c45_clip019_video027
[677/755] embedded c45_clip020_video015
[678/755] embedded c45_clip021_video007
[679/755] embedded c45_clip025_video021
[680/755] embedded c45_clip026_video020
[681/755] embedded c45_clip027_video018
[682/755] embedded c46_clip000_video014
[683/755] embedded c46_clip002_video007
[684/755] embedded c46_clip006_video020
[685/755] embedded c46_clip008_video011
[686/755] embedded c46_clip011_video018
[687/755] embedded c46_clip012_video013
[688/755] embedded c46_clip013_video010
[689/755] embedded c46_clip014_video026
[690/755] embedded c46_clip015_video022
[691/755] embedded c46_clip016_video015
[692/755] embedded c46_clip018_video012
[693/755] embedded c46_clip019_video024
[694/755] embedded c46_clip022_video025
[695/755] embedded c46_clip023_video027
[696/755] embedded c47_clip000_video001
[697/755] embedded c47_clip003_video007
[698/755] embedded c47_clip005_video005
[699/755] embedded c47_clip006_video020
[700/755] embedded c47_clip007_video016
[701/755] embedded c47_clip008_video025
[702/755] embedded c47_clip009_video015
[703/755] embedded c47_clip010_video014
[704/755] embedded c47_clip011_video004
[705/755] embedded c47_clip014_video024
[706/755] embedded c47_clip015_video018
[707/755] embedded c47_clip016_video019
[708/755] embedded c47_clip018_video021
[709/755] embedded c47_clip019_video012
[710/755] embedded c47_clip020_video017
[711/755] embedded c47_clip021_video026
[712/755] embedded c47_clip023_video022
[713/755] embedded c47_clip024_video027
[714/755] embedded c48_clip000_video005
[715/755] embedded c48_clip002_video001
[716/755] embedded c48_clip004_video007
[717/755] embedded c48_clip005_video014
[718/755] embedded c48_clip006_video013
[719/755] embedded c48_clip008_video004
[720/755] embedded c48_clip009_video006
[721/755] embedded c48_clip011_video015
[722/755] embedded c48_clip012_video011
[723/755] embedded c48_clip014_video009
[724/755] embedded c48_clip015_video002
[725/755] embedded c48_clip016_video012
[726/755] embedded c49_clip000_video013
[727/755] embedded c49_clip001_video020
[728/755] embedded c49_clip004_video016
[729/755] embedded c49_clip005_video014
[730/755] embedded c49_clip007_video002
[731/755] embedded c49_clip008_video019
[732/755] embedded c49_clip010_video008
[733/755] embedded c49_clip013_video010
[734/755] embedded c49_clip015_video005
[735/755] embedded c49_clip016_video011
[736/755] embedded c49_clip017_video004
[737/755] embedded c49_clip019_video001
[738/755] embedded c49_clip021_video018
[739/755] embedded c49_clip022_video017
[740/755] embedded c50_clip001_video020
[741/755] embedded c50_clip003_video022
[742/755] embedded c50_clip004_video024
[743/755] embedded c50_clip007_video008
[744/755] embedded c50_clip009_video025
[745/755] embedded c50_clip011_video002
[746/755] embedded c50_clip012_video014
[747/755] embedded c50_clip014_video023
[748/755] embedded c50_clip015_video012
[749/755] embedded c50_clip018_video027
[750/755] embedded c50_clip019_video013
[751/755] embedded c50_clip020_video026
[752/755] embedded c50_clip022_video005
[753/755] embedded c50_clip023_video021
[754/755] embedded c50_clip024_video011
[755/755] embedded c50_clip026_video015
{
  "archive_content_length": 11343409620,
  "archive_path": "/home/spco/data/stream51_v1_archive/Stream-51.zip",
  "archive_sha256": "db2711e34130923147c69e203ebfde46c8d651846958d645359a0ceb4d910465",
  "archive_url": "http://klab.cis.rit.edu/files/Stream-51.zip",
  "bbox_schema": {
    "reference_clipping_applied": true,
    "xmax_over_width": 63,
    "xmin_below_zero": 7,
    "ymax_over_height": 23,
    "ymin_below_zero": 0
  },
  "decode_workers": 8,
  "device": "cuda:0",
  "encoder_identity": "torchvision::efficientnet_b0::EfficientNet_B0_Weights.IMAGENET1K_V1",
  "external_features_accessed": false,
  "feature_dim": 1280,
  "n_cohort_videos": 1136,
  "n_completed_stage_videos": 755,
  "n_failed_stage_videos": 0,
  "n_selected_frames": 34250,
  "n_selected_videos": 755,
  "numpy": "2.3.5",
  "outcomes_inspected": false,
  "preregistered_http_metadata": {
    "etag": "\"2a41eb1d4-5bc7ec7c486c0\"",
    "last_modified": "Mon, 01 Mar 2021 19:39:47 GMT"
  },
  "protocol_version": "exp38_stream51_soft_memory_v1",
  "python": "3.11.15",
  "schema_complete": true,
  "stage": "support_development",
  "validated_at": "2026-07-26T11:21:04.092280+00:00"
}
completed_at=2026-07-26T11:30:15Z
